[opytex.com.br/index.html]
[backblue.gif]
[fade.gif]
[index.html]
[opytex.com.br/media/sitemap.xml]
[opytex.com.br/media/opytex.jpg]
[opytex.com.br/media/static/favicon/favicon.ico]
[cdn.jsdelivr.net/gh/alpinejs/alpine@v2.x.x/dist/alpine.min.js]
[www.google.com/recaptcha/api.js]
[opytex.com.br/media/static/css/main88f1.css]
[alternativaverdesolar.com.br/media/static/css/lightslider.css]
[opytex.com.br/media/static/img/opytex-logo.png]
[opytex.com.br/sobre/index.html]
[opytex.com.br/media/static/img/arrow-icon.svg]
[opytex.com.br/media/static/img/linkedin-icon.png]
[opytex.com.br/produtos/index.html]
[opytex.com.br/media/static/img/instagram-icon.png]
[opytex.com.br/media/static/img/facebook-icon.png]
[opytex.com.br/media/static/img/linkedin-xd.svg]
[opytex.com.br/media/static/img/instagram-xd.svg]
[opytex.com.br/blog/index.html]
[opytex.com.br/media/static/img/facebook-xd.svg]
[opytex.com.br/media/static/img/whatsapp-gray-icon.svg]
[opytex.com.br/material/index.html]
[opytex.com.br/contato/index.html]
[opytex.com.br/parcerias/index.html]
[opytex.com.br/media/static/img/mail-icon.svg]
[opytex.com.br/media/static/img/Arrow-icon.png]
[opytex.com.br/media/static/img/strip-line1.svg]
[opytex.com.br/media/static/img/light-blue-dot.svg]
[opytex.com.br/media/static/img/opytex-2.png]
[opytex.com.br/media/uploads/produtos/thumbnail/shop.png]
[opytex.com.br/media/uploads/produtos/icone/icone_shop.png]
[opytex.com.br/media/uploads/produtos/thumbnail/gourmet.png]
[opytex.com.br/media/uploads/produtos/icone/iconegourmet.png]
[opytex.com.br/media/uploads/produtos/thumbnail/tocuh.png]
[opytex.com.br/media/uploads/produtos/icone/icone_touch.png]
[opytex.com.br/media/uploads/produtos/thumbnail/mobile.png]
[opytex.com.br/media/uploads/produtos/icone/iconemobile.png]
[opytex.com.br/media/uploads/produtos/thumbnail/sale.png]
[opytex.com.br/media/uploads/produtos/icone/iconesale.png]
[opytex.com.br/media/uploads/produtos/thumbnail/service.png]
[opytex.com.br/media/uploads/produtos/icone/icone_service.png]
[opytex.com.br/media/static/img/amazon-logo.jpg]
[opytex.com.br/media/static/img/autentica_certificado.png]
[opytex.com.br/media/static/img/elgin.png]
[opytex.com.br/media/static/img/epson.png]
[opytex.com.br/media/static/img/google-logo.jpg]
[opytex.com.br/media/static/img/sweda.png]
[opytex.com.br/media/static/img/users-silhouette.png]
[opytex.com.br/media/static/img/pc-settings.png]
[opytex.com.br/media/uploads/depoimentos/thumbnail/rafael_DTLqHbH.jpg]
[opytex.com.br/media/static/img/arrow-left.png]
[opytex.com.br/media/static/img/arrow-right.png]
[opytex.com.br/media/uploads/blog/thumbnail/09.png]
[opytex.com.br/blog/juntos-venceremos-o-covid-19/index.html]
[opytex.com.br/media/static/img/blog-prev-arrow.png]
[opytex.com.br/media/uploads/blog/thumbnail/1_6bFC5lv.jpg]
[opytex.com.br/blog/covid-19-importancia-da-comunicacao-interna-nas-empresas-em-tempos-de-pandemia/index.html]
[opytex.com.br/media/uploads/blog/thumbnail/2.jpg]
[opytex.com.br/blog/5-dicas-para-voce-reduzir-custos-na-sua-empresa/index.html]
[opytex.com.br/media/uploads/blog/thumbnail/3.jpg]
[opytex.com.br/blog/como-vender-para-grandes-empresas/index.html]
[opytex.com.br/media/static/img/opytex-logo-white.png]
[opytex.com.br/media/static/img/linkedin-xd-2.svg]
[opytex.com.br/media/static/js/vendors/jquery-1.11.3.min.js]
[opytex.com.br/media/static/js/vendors/jquery.mask.min.js]
[alternativaverdesolar.com.br/media/static/js/lightslider.js]
[opytex.com.br/media/static/js/vendors/imgLiquid.js]
[opytex.com.br/media/static/js/app.js]
[opytex.com.br/media/static/js/functions.js]
[opytex.com.br/media/static/js/modal-entrada.js]
[opytex.com.br/index.html]
[opytex.com.br/media/static/js/chat.js]
[opytex.com.br/media/static/fonts/ProximaNovaReg.woff]
[opytex.com.br/media/static/fonts/proximanova.ttf]
[opytex.com.br/media/static/fonts/ProximaNovaBold.woff]
[opytex.com.br/media/static/fonts/ProximaNovaBold.ttf]
[opytex.com.br/media/static/fonts/Proxima Nova Light.woff]
[opytex.com.br/media/static/fonts/sf-pro-text-regular.woff]
[opytex.com.br/media/static/fonts/sf-pro-text-regular.ttf]
[opytex.com.br/media/static/fonts/sf-pro-text-bold.woff]
[opytex.com.br/media/static/fonts/sf-pro-text-bold.ttf]
[opytex.com.br/media/static/fonts/REZ.woff]
[opytex.com.br/media/static/fonts/rez.ttf]
[opytex.com.br/media/static/img/we-are-opytex.png]
[opytex.com.br/media/static/img/blog-overlay.png]
[opytex.com.br/media/static/img/strip-line.svg]
[opytex.com.br/media/static/img/side-bar-bg.png]
[opytex.com.br/media/static/img/bg-slide-1.jpg]
[opytex.com.br/media/static/img/story-section-bg.jpg]
[opytex.com.br/media/static/img/about-us-features-bg.png]
[opytex.com.br/media/static/img/download-overlay.png]
[opytex.com.br/media/static/css/main88f1.css]
[alternativaverdesolar.com.br/media/static/css/lightslider.css]
[opytex.com.br/media/static/img/quem-somos-bg.png]
[opytex.com.br/media/static/img/quem-somos-photo.webp]
[opytex.com.br/media/static/img/opytex-logo-symbol.png]
[opytex.com.br/sobre/index.html]
[opytex.com.br/media/static/img/produtoss-header-bg.png]
[opytex.com.br/media/static/img/opytex-products.png]
[opytex.com.br/media/uploads/produtos/thumbnail/gestor.png]
[opytex.com.br/media/uploads/produtos/icone/iconegestor.png]
[opytex.com.br/media/uploads/produtos/thumbnail/pet.png]
[opytex.com.br/media/uploads/produtos/icone/iconepet.png]
[opytex.com.br/media/uploads/produtos/thumbnail/one.png]
[opytex.com.br/media/uploads/produtos/icone/iconeone.png]
[opytex.com.br/media/uploads/produtos/thumbnail/fiscal.png]
[opytex.com.br/media/uploads/produtos/icone/iconefiscal.png]
[opytex.com.br/media/uploads/produtos/thumbnail/director.png]
[opytex.com.br/media/uploads/produtos/icone/iconedirector.png]
[opytex.com.br/media/uploads/produtos/thumbnail/cloud.png]
[opytex.com.br/media/uploads/produtos/icone/iconecloud.png]
[opytex.com.br/media/uploads/produtos/thumbnail/stock.png]
[opytex.com.br/media/uploads/produtos/icone/iconestock.png]
[opytex.com.br/produtos/index.html]
[opytex.com.br/media/static/img/blog-header-bg.jpg]
[opytex.com.br/posts/index.html]
[opytex.com.br/blog/index.html]
[opytex.com.br/media/static/img/material-header-bg.png]
[opytex.com.br/material/index.html]
[opytex.com.br/media/static/img/arrow-icon.svg]
[opytex.com.br/blog/tag/venda/index.html]
[opytex.com.br/blog/tag/gestao/index.html]
[opytex.com.br/blog/categoria/gestao/index.html]
[opytex.com.br/media/static/img/contato-header-bg.png]
[opytex.com.br/contato/index.html]
[opytex.com.br/trabalhe-conosco/index.html]
[opytex.com.br/media/static/img/parcerias_02.png]
[opytex.com.br/parcerias/index.html]
[opytex.com.br/media/static/img/linkedin-xd.svg]
[opytex.com.br/media/static/img/instagram-xd.svg]
[opytex.com.br/media/static/img/facebook-xd.svg]
[opytex.com.br/media/static/img/whatsapp-gray-icon.svg]
[opytex.com.br/media/static/img/mail-icon.svg]
[opytex.com.br/media/static/img/strip-line1.svg]
[opytex.com.br/media/static/img/light-blue-dot.svg]
[opytex.com.br/media/uploads/depoimentos/thumbnail/Captura_de_Tela_2020-05-20_às_12.10.06.html]
[opytex.com.br/media/uploads/depoimentos/thumbnail/Captura_de_Tela_2020-05-20_às_12.10.30.html]
[opytex.com.br/media/redactor/09.png]
[opytex.com.br/blog/juntos-venceremos-o-covid-19/09.png]
[simplesharebuttons.com/images/somacro/facebook.png]
[simplesharebuttons.com/images/somacro/twitter.png]
[simplesharebuttons.com/images/somacro/linkedin.png]
[opytex.com.br/blog/juntos-venceremos-o-covid-19/index.html]
[opytex.com.br/blog/covid-19-importancia-da-comunicacao-interna-nas-empresas-em-tempos-de-pandemia/index.html]
[opytex.com.br/blog/5-dicas-para-voce-reduzir-custos-na-sua-empresa/index.html]
[opytex.com.br/blog/como-vender-para-grandes-empresas/index.html]
[opytex.com.br/media/static/img/linkedin-xd-2.svg]
[opytex.com.br/media/static/img/strip-line.svg]
[alternativaverdesolar.com.br/media/static/img/controls.html]
[opytex.com.br/media/static/img/dot.svg]
[opytex.com.br/media/static/img/whatsapp-icon.svg]
[opytex.com.br/media/uploads/blog/thumbnail/4.jpg]
[opytex.com.br/posts/index.html]
[opytex.com.br/blog/tag/venda/index.html]
[opytex.com.br/blog/tag/gestao/index.html]
[opytex.com.br/blog/categoria/gestao/index.html]
[opytex.com.br/trabalhe-conosco/index.html]
[opytex.com.br/blog/juntos-venceremos-o-covid-19/09.html]
[opytex.com.br/media/static/img/whatsapp-icon.svg]
[opytex.com.br/blog/por-que-criar-uma-loja-virtual-e-uma-boa-para-comecar-empreender/index.html]
[opytex.com.br/blog/por-que-criar-uma-loja-virtual-e-uma-boa-para-comecar-empreender/index.html]
